USB-VCP.c:131:6:EN_RX_EP0	0	static
USB-VCP.c:135:6:DIS_RX_EP0	0	static
USB-VCP.c:139:6:STALL_RX_EP0	0	static
USB-VCP.c:143:6:OFF_RX_EP0	0	static
USB-VCP.c:147:6:EN_TX_EP0	0	static
USB-VCP.c:151:6:DIS_TX_EP0	0	static
USB-VCP.c:155:6:STALL_TX_EP0	0	static
USB-VCP.c:159:6:OFF_TX_EP0	0	static
USB-VCP.c:163:6:SET_DATA0_EP0	0	static
USB-VCP.c:167:6:SET_DATA1_EP0	0	static
USB-VCP.c:171:6:Send_EP0	4	static
USB-VCP.c:188:6:EN_RX_EP1	0	static
USB-VCP.c:192:6:DIS_RX_EP1	0	static
USB-VCP.c:196:6:EN_TX_EP1	0	static
USB-VCP.c:200:6:DIS_TX_EP1	0	static
USB-VCP.c:204:6:Send_EP1	4	static
USB-VCP.c:218:6:Send_EP1_Jumbo	8	static
USB-VCP.c:235:6:Read_EP1	8	static
USB-VCP.c:255:6:EN_RX_EP2	0	static
USB-VCP.c:259:6:DIS_RX_EP2	0	static
USB-VCP.c:263:6:EN_TX_EP2	0	static
USB-VCP.c:267:6:DIS_TX_EP2	0	static
USB-VCP.c:274:6:USB_MANAGEMENT	8	static
USB-VCP.c:361:6:Manage_EP1_Jumbo	8	static
USB-VCP.c:371:6:USB_LP_CAN1_RX0_IRQHandler	8	static
