Archive member included to satisfy reference by file (symbol)

c:/st/stm32cubeide_1.3.0/stm32cubeide/plugins/com.st.stm32cube.ide.mcu.externaltools.gnu-tools-for-stm32.7-2018-q2-update.win32_1.0.0.201904181610/tools/bin/../lib/gcc/arm-none-eabi/7.3.1/../../../../arm-none-eabi/lib/thumb/v7-m\libc_nano.a(lib_a-errno.o)
                              Core/Src/syscalls.o (__errno)
c:/st/stm32cubeide_1.3.0/stm32cubeide/plugins/com.st.stm32cube.ide.mcu.externaltools.gnu-tools-for-stm32.7-2018-q2-update.win32_1.0.0.201904181610/tools/bin/../lib/gcc/arm-none-eabi/7.3.1/../../../../arm-none-eabi/lib/thumb/v7-m\libc_nano.a(lib_a-exit.o)
                              c:/st/stm32cubeide_1.3.0/stm32cubeide/plugins/com.st.stm32cube.ide.mcu.externaltools.gnu-tools-for-stm32.7-2018-q2-update.win32_1.0.0.201904181610/tools/bin/../lib/gcc/arm-none-eabi/7.3.1/../../../../arm-none-eabi/lib/thumb/v7-m/crt0.o (exit)
c:/st/stm32cubeide_1.3.0/stm32cubeide/plugins/com.st.stm32cube.ide.mcu.externaltools.gnu-tools-for-stm32.7-2018-q2-update.win32_1.0.0.201904181610/tools/bin/../lib/gcc/arm-none-eabi/7.3.1/../../../../arm-none-eabi/lib/thumb/v7-m\libc_nano.a(lib_a-impure.o)
                              c:/st/stm32cubeide_1.3.0/stm32cubeide/plugins/com.st.stm32cube.ide.mcu.externaltools.gnu-tools-for-stm32.7-2018-q2-update.win32_1.0.0.201904181610/tools/bin/../lib/gcc/arm-none-eabi/7.3.1/../../../../arm-none-eabi/lib/thumb/v7-m\libc_nano.a(lib_a-exit.o) (_global_impure_ptr)
c:/st/stm32cubeide_1.3.0/stm32cubeide/plugins/com.st.stm32cube.ide.mcu.externaltools.gnu-tools-for-stm32.7-2018-q2-update.win32_1.0.0.201904181610/tools/bin/../lib/gcc/arm-none-eabi/7.3.1/../../../../arm-none-eabi/lib/thumb/v7-m\libc_nano.a(lib_a-init.o)
                              c:/st/stm32cubeide_1.3.0/stm32cubeide/plugins/com.st.stm32cube.ide.mcu.externaltools.gnu-tools-for-stm32.7-2018-q2-update.win32_1.0.0.201904181610/tools/bin/../lib/gcc/arm-none-eabi/7.3.1/../../../../arm-none-eabi/lib/thumb/v7-m/crt0.o (__libc_init_array)
c:/st/stm32cubeide_1.3.0/stm32cubeide/plugins/com.st.stm32cube.ide.mcu.externaltools.gnu-tools-for-stm32.7-2018-q2-update.win32_1.0.0.201904181610/tools/bin/../lib/gcc/arm-none-eabi/7.3.1/../../../../arm-none-eabi/lib/thumb/v7-m\libc_nano.a(lib_a-memset.o)
                              c:/st/stm32cubeide_1.3.0/stm32cubeide/plugins/com.st.stm32cube.ide.mcu.externaltools.gnu-tools-for-stm32.7-2018-q2-update.win32_1.0.0.201904181610/tools/bin/../lib/gcc/arm-none-eabi/7.3.1/../../../../arm-none-eabi/lib/thumb/v7-m/crt0.o (memset)

Allocating common symbols
Common symbol       size              file

uwTick              0x4               Drivers/STM32F1xx_HAL_Driver/Src/stm32f1xx_hal.o
pFlash              0x20              Drivers/STM32F1xx_HAL_Driver/Src/stm32f1xx_hal_flash.o

Discarded input sections

 .text          0x0000000000000000        0x0 c:/st/stm32cubeide_1.3.0/stm32cubeide/plugins/com.st.stm32cube.ide.mcu.externaltools.gnu-tools-for-stm32.7-2018-q2-update.win32_1.0.0.201904181610/tools/bin/../lib/gcc/arm-none-eabi/7.3.1/thumb/v7-m/crti.o
 .data          0x0000000000000000        0x0 c:/st/stm32cubeide_1.3.0/stm32cubeide/plugins/com.st.stm32cube.ide.mcu.externaltools.gnu-tools-for-stm32.7-2018-q2-update.win32_1.0.0.201904181610/tools/bin/../lib/gcc/arm-none-eabi/7.3.1/thumb/v7-m/crti.o
 .bss           0x0000000000000000        0x0 c:/st/stm32cubeide_1.3.0/stm32cubeide/plugins/com.st.stm32cube.ide.mcu.externaltools.gnu-tools-for-stm32.7-2018-q2-update.win32_1.0.0.201904181610/tools/bin/../lib/gcc/arm-none-eabi/7.3.1/thumb/v7-m/crti.o
 .data          0x0000000000000000        0x4 c:/st/stm32cubeide_1.3.0/stm32cubeide/plugins/com.st.stm32cube.ide.mcu.externaltools.gnu-tools-for-stm32.7-2018-q2-update.win32_1.0.0.201904181610/tools/bin/../lib/gcc/arm-none-eabi/7.3.1/thumb/v7-m/crtbegin.o
 .text          0x0000000000000000       0x74 c:/st/stm32cubeide_1.3.0/stm32cubeide/plugins/com.st.stm32cube.ide.mcu.externaltools.gnu-tools-for-stm32.7-2018-q2-update.win32_1.0.0.201904181610/tools/bin/../lib/gcc/arm-none-eabi/7.3.1/../../../../arm-none-eabi/lib/thumb/v7-m/crt0.o
 .data          0x0000000000000000        0x0 c:/st/stm32cubeide_1.3.0/stm32cubeide/plugins/com.st.stm32cube.ide.mcu.externaltools.gnu-tools-for-stm32.7-2018-q2-update.win32_1.0.0.201904181610/tools/bin/../lib/gcc/arm-none-eabi/7.3.1/../../../../arm-none-eabi/lib/thumb/v7-m/crt0.o
 .bss           0x0000000000000000        0x0 c:/st/stm32cubeide_1.3.0/stm32cubeide/plugins/com.st.stm32cube.ide.mcu.externaltools.gnu-tools-for-stm32.7-2018-q2-update.win32_1.0.0.201904181610/tools/bin/../lib/gcc/arm-none-eabi/7.3.1/../../../../arm-none-eabi/lib/thumb/v7-m/crt0.o
 .ARM.extab     0x0000000000000000        0x0 c:/st/stm32cubeide_1.3.0/stm32cubeide/plugins/com.st.stm32cube.ide.mcu.externaltools.gnu-tools-for-stm32.7-2018-q2-update.win32_1.0.0.201904181610/tools/bin/../lib/gcc/arm-none-eabi/7.3.1/../../../../arm-none-eabi/lib/thumb/v7-m/crt0.o
[...]
Memory Configuration

Name             Origin             Length             Attributes
RAM              0x0000000020000000 0x0000000000005000 xrw
FLASH            0x0000000008000000 0x0000000000010000 xr
*default*        0x0000000000000000 0xffffffffffffffff

Linker script and memory map

LOAD c:/st/stm32cubeide_1.3.0/stm32cubeide/plugins/com.st.stm32cube.ide.mcu.externaltools.gnu-tools-for-stm32.7-2018-q2-update.win32_1.0.0.201904181610/tools/bin/../lib/gcc/arm-none-eabi/7.3.1/thumb/v7-m/crti.o
LOAD c:/st/stm32cubeide_1.3.0/stm32cubeide/plugins/com.st.stm32cube.ide.mcu.externaltools.gnu-tools-for-stm32.7-2018-q2-update.win32_1.0.0.201904181610/tools/bin/../lib/gcc/arm-none-eabi/7.3.1/thumb/v7-m/crtbegin.o
LOAD c:/st/stm32cubeide_1.3.0/stm32cubeide/plugins/com.st.stm32cube.ide.mcu.externaltools.gnu-tools-for-stm32.7-2018-q2-update.win32_1.0.0.201904181610/tools/bin/../lib/gcc/arm-none-eabi/7.3.1/../../../../arm-none-eabi/lib/thumb/v7-m/crt0.o
LOAD Core/Src/USB-VCP.o
LOAD Core/Src/main.o
LOAD Core/Src/stm32f1xx_hal_msp.o
LOAD Core/Src/stm32f1xx_it.o
LOAD Core/Src/syscalls.o
LOAD Core/Src/sysmem.o
LOAD Core/Src/system_stm32f1xx.o
LOAD Core/Startup/startup_stm32f103c8tx.o
LOAD Drivers/STM32F1xx_HAL_Driver/Src/stm32f1xx_hal.o
LOAD Drivers/STM32F1xx_HAL_Driver/Src/stm32f1xx_hal_cortex.o
LOAD Drivers/STM32F1xx_HAL_Driver/Src/stm32f1xx_hal_dma.o
LOAD Drivers/STM32F1xx_HAL_Driver/Src/stm32f1xx_hal_exti.o
LOAD Drivers/STM32F1xx_HAL_Driver/Src/stm32f1xx_hal_flash.o
LOAD Drivers/STM32F1xx_HAL_Driver/Src/stm32f1xx_hal_flash_ex.o
LOAD Drivers/STM32F1xx_HAL_Driver/Src/stm32f1xx_hal_gpio.o
LOAD Drivers/STM32F1xx_HAL_Driver/Src/stm32f1xx_hal_gpio_ex.o
LOAD Drivers/STM32F1xx_HAL_Driver/Src/stm32f1xx_hal_pwr.o
LOAD Drivers/STM32F1xx_HAL_Driver/Src/stm32f1xx_hal_rcc.o
LOAD Drivers/STM32F1xx_HAL_Driver/Src/stm32f1xx_hal_rcc_ex.o
LOAD Drivers/STM32F1xx_HAL_Driver/Src/stm32f1xx_hal_tim.o
LOAD Drivers/STM32F1xx_HAL_Driver/Src/stm32f1xx_hal_tim_ex.o
START GROUP
LOAD c:/st/stm32cubeide_1.3.0/stm32cubeide/plugins/com.st.stm32cube.ide.mcu.externaltools.gnu-tools-for-stm32.7-2018-q2-update.win32_1.0.0.201904181610/tools/bin/../lib/gcc/arm-none-eabi/7.3.1/../../../../arm-none-eabi/lib/thumb/v7-m\libc_nano.a
LOAD c:/st/stm32cubeide_1.3.0/stm32cubeide/plugins/com.st.stm32cube.ide.mcu.externaltools.gnu-tools-for-stm32.7-2018-q2-update.win32_1.0.0.201904181610/tools/bin/../lib/gcc/arm-none-eabi/7.3.1/../../../../arm-none-eabi/lib/thumb/v7-m\libm.a
END GROUP
START GROUP
LOAD c:/st/stm32cubeide_1.3.0/stm32cubeide/plugins/com.st.stm32cube.ide.mcu.externaltools.gnu-tools-for-stm32.7-2018-q2-update.win32_1.0.0.201904181610/tools/bin/../lib/gcc/arm-none-eabi/7.3.1/thumb/v7-m\libgcc.a
LOAD c:/st/stm32cubeide_1.3.0/stm32cubeide/plugins/com.st.stm32cube.ide.mcu.externaltools.gnu-tools-for-stm32.7-2018-q2-update.win32_1.0.0.201904181610/tools/bin/../lib/gcc/arm-none-eabi/7.3.1/../../../../arm-none-eabi/lib/thumb/v7-m\libc_nano.a
END GROUP
START GROUP
LOAD c:/st/stm32cubeide_1.3.0/stm32cubeide/plugins/com.st.stm32cube.ide.mcu.externaltools.gnu-tools-for-stm32.7-2018-q2-update.win32_1.0.0.201904181610/tools/bin/../lib/gcc/arm-none-eabi/7.3.1/thumb/v7-m\libgcc.a
LOAD c:/st/stm32cubeide_1.3.0/stm32cubeide/plugins/com.st.stm32cube.ide.mcu.externaltools.gnu-tools-for-stm32.7-2018-q2-update.win32_1.0.0.201904181610/tools/bin/../lib/gcc/arm-none-eabi/7.3.1/../../../../arm-none-eabi/lib/thumb/v7-m\libc_nano.a
LOAD c:/st/stm32cubeide_1.3.0/stm32cubeide/plugins/com.st.stm32cube.ide.mcu.externaltools.gnu-tools-for-stm32.7-2018-q2-update.win32_1.0.0.201904181610/tools/bin/../lib/gcc/arm-none-eabi/7.3.1/../../../../arm-none-eabi/lib/thumb/v7-m\libnosys.a
END GROUP
START GROUP
LOAD c:/st/stm32cubeide_1.3.0/stm32cubeide/plugins/com.st.stm32cube.ide.mcu.externaltools.gnu-tools-for-stm32.7-2018-q2-update.win32_1.0.0.201904181610/tools/bin/../lib/gcc/arm-none-eabi/7.3.1/thumb/v7-m\libgcc.a
LOAD c:/st/stm32cubeide_1.3.0/stm32cubeide/plugins/com.st.stm32cube.ide.mcu.externaltools.gnu-tools-for-stm32.7-2018-q2-update.win32_1.0.0.201904181610/tools/bin/../lib/gcc/arm-none-eabi/7.3.1/../../../../arm-none-eabi/lib/thumb/v7-m\libc_nano.a
LOAD c:/st/stm32cubeide_1.3.0/stm32cubeide/plugins/com.st.stm32cube.ide.mcu.externaltools.gnu-tools-for-stm32.7-2018-q2-update.win32_1.0.0.201904181610/tools/bin/../lib/gcc/arm-none-eabi/7.3.1/../../../../arm-none-eabi/lib/thumb/v7-m\libnosys.a
END GROUP
LOAD c:/st/stm32cubeide_1.3.0/stm32cubeide/plugins/com.st.stm32cube.ide.mcu.externaltools.gnu-tools-for-stm32.7-2018-q2-update.win32_1.0.0.201904181610/tools/bin/../lib/gcc/arm-none-eabi/7.3.1/thumb/v7-m/crtend.o
LOAD c:/st/stm32cubeide_1.3.0/stm32cubeide/plugins/com.st.stm32cube.ide.mcu.externaltools.gnu-tools-for-stm32.7-2018-q2-update.win32_1.0.0.201904181610/tools/bin/../lib/gcc/arm-none-eabi/7.3.1/thumb/v7-m/crtn.o
                0x0000000020005000                _estack = (ORIGIN (RAM) + LENGTH (RAM))
                0x0000000000000200                _Min_Heap_Size = 0x200
                0x0000000000000400                _Min_Stack_Size = 0x400

.isr_vector     0x0000000008000000      0x10c
                0x0000000008000000                . = ALIGN (0x4)
 *(.isr_vector)
 .isr_vector    0x0000000008000000      0x10c Core/Startup/startup_stm32f103c8tx.o
                0x0000000008000000                g_pfnVectors
                0x000000000800010c                . = ALIGN (0x4)

.text           0x000000000800010c      0xd40
                0x000000000800010c                . = ALIGN (0x4)
 *(.text)
 .text          0x000000000800010c       0x40 c:/st/stm32cubeide_1.3.0/stm32cubeide/plugins/com.st.stm32cube.ide.mcu.externaltools.gnu-tools-for-stm32.7-2018-q2-update.win32_1.0.0.201904181610/tools/bin/../lib/gcc/arm-none-eabi/7.3.1/thumb/v7-m/crtbegin.o
 *(.text*)
 .text.EN_RX_EP0
                0x000000000800014c       0x28 Core/Src/USB-VCP.o
                0x000000000800014c                EN_RX_EP0
 .text.DIS_RX_EP0
                0x0000000008000174       0x30 Core/Src/USB-VCP.o
                0x0000000008000174                DIS_RX_EP0
 .text.EN_TX_EP0
                0x00000000080001a4       0x28 Core/Src/USB-VCP.o
                0x00000000080001a4                EN_TX_EP0
 .text.DIS_TX_EP0
                0x00000000080001cc       0x30 Core/Src/USB-VCP.o
                0x00000000080001cc                DIS_TX_EP0
 .text.STALL_TX_EP0
                0x00000000080001fc       0x30 Core/Src/USB-VCP.o
                0x00000000080001fc                STALL_TX_EP0
 .text.SET_DATA0_EP0
                0x000000000800022c       0x24 Core/Src/USB-VCP.o
                0x000000000800022c                SET_DATA0_EP0
 .text.SET_DATA1_EP0
                0x0000000008000250       0x28 Core/Src/USB-VCP.o
                0x0000000008000250                SET_DATA1_EP0
 .text.Send_EP0
                0x0000000008000278       0x64 Core/Src/USB-VCP.o
                0x0000000008000278                Send_EP0
 .text.Send_EP1
                0x00000000080002dc       0x64 Core/Src/USB-VCP.o
                0x00000000080002dc                Send_EP1
 .text.EN_RX_EP1
                0x0000000008000340       0x28 Core/Src/USB-VCP.o
                0x0000000008000340                EN_RX_EP1
 .text.DIS_RX_EP1
                0x0000000008000368       0x30 Core/Src/USB-VCP.o
                0x0000000008000368                DIS_RX_EP1
 .text.EN_TX_EP1
                0x0000000008000398       0x28 Core/Src/USB-VCP.o
                0x0000000008000398                EN_TX_EP1
 .text.DIS_TX_EP1
                0x00000000080003c0       0x30 Core/Src/USB-VCP.o
                0x00000000080003c0                DIS_TX_EP1
 .text.EN_RX_EP2
                0x00000000080003f0       0x28 Core/Src/USB-VCP.o
                0x00000000080003f0                EN_RX_EP2
 .text.DIS_RX_EP2
                0x0000000008000418       0x30 Core/Src/USB-VCP.o
                0x0000000008000418                DIS_RX_EP2
 .text.DIS_TX_EP2
                0x0000000008000448       0x30 Core/Src/USB-VCP.o
                0x0000000008000448                DIS_TX_EP2
 .text.USB_MANAGEMENT
                0x0000000008000478      0x2bc Core/Src/USB-VCP.o
                0x0000000008000478                USB_MANAGEMENT
 .text.Send_EP1_Jumbo
                0x0000000008000734       0x74 Core/Src/USB-VCP.o
                0x0000000008000734                Send_EP1_Jumbo
 .text.Manage_EP1_Jumbo
                0x00000000080007a8       0x54 Core/Src/USB-VCP.o
                0x00000000080007a8                Manage_EP1_Jumbo
 .text.Read_EP1
                0x00000000080007fc       0x8c Core/Src/USB-VCP.o
                0x00000000080007fc                Read_EP1
 .text.USB_LP_CAN1_RX0_IRQHandler
                0x0000000008000888      0x17c Core/Src/USB-VCP.o
                0x0000000008000888                USB_LP_CAN1_RX0_IRQHandler
 .text.main     0x0000000008000a04      0x308 Core/Src/main.o
                0x0000000008000a04                main
 .text.NMI_Handler
                0x0000000008000d0c        0xc Core/Src/stm32f1xx_it.o
                0x0000000008000d0c                NMI_Handler
 .text.HardFault_Handler
                0x0000000008000d18        0x6 Core/Src/stm32f1xx_it.o
                0x0000000008000d18                HardFault_Handler
 .text.MemManage_Handler
                0x0000000008000d1e        0x6 Core/Src/stm32f1xx_it.o
                0x0000000008000d1e                MemManage_Handler
 .text.BusFault_Handler
                0x0000000008000d24        0x6 Core/Src/stm32f1xx_it.o
                0x0000000008000d24                BusFault_Handler
 .text.UsageFault_Handler
                0x0000000008000d2a        0x6 Core/Src/stm32f1xx_it.o
                0x0000000008000d2a                UsageFault_Handler
 .text.SVC_Handler
                0x0000000008000d30        0xc Core/Src/stm32f1xx_it.o
                0x0000000008000d30                SVC_Handler
 .text.DebugMon_Handler
                0x0000000008000d3c        0xc Core/Src/stm32f1xx_it.o
                0x0000000008000d3c                DebugMon_Handler
 .text.PendSV_Handler
                0x0000000008000d48        0xc Core/Src/stm32f1xx_it.o
                0x0000000008000d48                PendSV_Handler
 .text.SysTick_Handler
                0x0000000008000d54        0xc Core/Src/stm32f1xx_it.o
                0x0000000008000d54                SysTick_Handler
 .text.SystemInit
                0x0000000008000d60        0xc Core/Src/system_stm32f1xx.o
                0x0000000008000d60                SystemInit
 .text.Reset_Handler
                0x0000000008000d6c       0x48 Core/Startup/startup_stm32f103c8tx.o
                0x0000000008000d6c                Reset_Handler
 .text.Default_Handler
                0x0000000008000db4        0x2 Core/Startup/startup_stm32f103c8tx.o
                0x0000000008000db4                RTC_Alarm_IRQHandler
                0x0000000008000db4                EXTI2_IRQHandler
                0x0000000008000db4                TIM1_CC_IRQHandler
                0x0000000008000db4                PVD_IRQHandler
                0x0000000008000db4                EXTI3_IRQHandler
                0x0000000008000db4                EXTI0_IRQHandler
                0x0000000008000db4                I2C2_EV_IRQHandler
                0x0000000008000db4                ADC1_2_IRQHandler
                0x0000000008000db4                SPI1_IRQHandler
                0x0000000008000db4                TAMPER_IRQHandler
                0x0000000008000db4                DMA1_Channel4_IRQHandler
                0x0000000008000db4                USART3_IRQHandler
                0x0000000008000db4                RTC_IRQHandler
                0x0000000008000db4                DMA1_Channel7_IRQHandler
                0x0000000008000db4                CAN1_RX1_IRQHandler
                0x0000000008000db4                TIM4_IRQHandler
                0x0000000008000db4                I2C1_EV_IRQHandler
                0x0000000008000db4                DMA1_Channel6_IRQHandler
                0x0000000008000db4                TIM3_IRQHandler
                0x0000000008000db4                RCC_IRQHandler
                0x0000000008000db4                TIM1_TRG_COM_IRQHandler
                0x0000000008000db4                DMA1_Channel1_IRQHandler
                0x0000000008000db4                Default_Handler
                0x0000000008000db4                EXTI15_10_IRQHandler
                0x0000000008000db4                EXTI9_5_IRQHandler
                0x0000000008000db4                SPI2_IRQHandler
                0x0000000008000db4                DMA1_Channel5_IRQHandler
                0x0000000008000db4                EXTI4_IRQHandler
                0x0000000008000db4                USB_HP_CAN1_TX_IRQHandler
                0x0000000008000db4                DMA1_Channel3_IRQHandler
                0x0000000008000db4                TIM1_UP_IRQHandler
                0x0000000008000db4                WWDG_IRQHandler
                0x0000000008000db4                TIM2_IRQHandler
                0x0000000008000db4                TIM1_BRK_IRQHandler
                0x0000000008000db4                EXTI1_IRQHandler
                0x0000000008000db4                USART2_IRQHandler
                0x0000000008000db4                I2C2_ER_IRQHandler
                0x0000000008000db4                DMA1_Channel2_IRQHandler
                0x0000000008000db4                CAN1_SCE_IRQHandler
                0x0000000008000db4                FLASH_IRQHandler
                0x0000000008000db4                USART1_IRQHandler
                0x0000000008000db4                I2C1_ER_IRQHandler
                0x0000000008000db4                USBWakeUp_IRQHandler
 *fill*         0x0000000008000db6        0x2 
 .text.HAL_IncTick
                0x0000000008000db8       0x24 Drivers/STM32F1xx_HAL_Driver/Src/stm32f1xx_hal.o
                0x0000000008000db8                HAL_IncTick
 .text.__libc_init_array
                0x0000000008000ddc       0x48 c:/st/stm32cubeide_1.3.0/stm32cubeide/plugins/com.st.stm32cube.ide.mcu.externaltools.gnu-tools-for-stm32.7-2018-q2-update.win32_1.0.0.201904181610/tools/bin/../lib/gcc/arm-none-eabi/7.3.1/../../../../arm-none-eabi/lib/thumb/v7-m\libc_nano.a(lib_a-init.o)
                0x0000000008000ddc                __libc_init_array
 .text.memset   0x0000000008000e24       0x10 c:/st/stm32cubeide_1.3.0/stm32cubeide/plugins/com.st.stm32cube.ide.mcu.externaltools.gnu-tools-for-stm32.7-2018-q2-update.win32_1.0.0.201904181610/tools/bin/../lib/gcc/arm-none-eabi/7.3.1/../../../../arm-none-eabi/lib/thumb/v7-m\libc_nano.a(lib_a-memset.o)
                0x0000000008000e24                memset
 *(.glue_7)
 .glue_7        0x0000000008000e34        0x0 linker stubs
 *(.glue_7t)
 .glue_7t       0x0000000008000e34        0x0 linker stubs
 *(.eh_frame)
 .eh_frame      0x0000000008000e34        0x0 c:/st/stm32cubeide_1.3.0/stm32cubeide/plugins/com.st.stm32cube.ide.mcu.externaltools.gnu-tools-for-stm32.7-2018-q2-update.win32_1.0.0.201904181610/tools/bin/../lib/gcc/arm-none-eabi/7.3.1/thumb/v7-m/crtbegin.o
 *(.init)
 .init          0x0000000008000e34        0x4 c:/st/stm32cubeide_1.3.0/stm32cubeide/plugins/com.st.stm32cube.ide.mcu.externaltools.gnu-tools-for-stm32.7-2018-q2-update.win32_1.0.0.201904181610/tools/bin/../lib/gcc/arm-none-eabi/7.3.1/thumb/v7-m/crti.o
                0x0000000008000e34                _init
 .init          0x0000000008000e38        0x8 c:/st/stm32cubeide_1.3.0/stm32cubeide/plugins/com.st.stm32cube.ide.mcu.externaltools.gnu-tools-for-stm32.7-2018-q2-update.win32_1.0.0.201904181610/tools/bin/../lib/gcc/arm-none-eabi/7.3.1/thumb/v7-m/crtn.o
 *(.fini)
 .fini          0x0000000008000e40        0x4 c:/st/stm32cubeide_1.3.0/stm32cubeide/plugins/com.st.stm32cube.ide.mcu.externaltools.gnu-tools-for-stm32.7-2018-q2-update.win32_1.0.0.201904181610/tools/bin/../lib/gcc/arm-none-eabi/7.3.1/thumb/v7-m/crti.o
                0x0000000008000e40                _fini
 .fini          0x0000000008000e44        0x8 c:/st/stm32cubeide_1.3.0/stm32cubeide/plugins/com.st.stm32cube.ide.mcu.externaltools.gnu-tools-for-stm32.7-2018-q2-update.win32_1.0.0.201904181610/tools/bin/../lib/gcc/arm-none-eabi/7.3.1/thumb/v7-m/crtn.o
                0x0000000008000e4c                . = ALIGN (0x4)
                0x0000000008000e4c                _etext = .

.vfp11_veneer   0x0000000008000e4c        0x0
 .vfp11_veneer  0x0000000008000e4c        0x0 linker stubs

.v4_bx          0x0000000008000e4c        0x0
 .v4_bx         0x0000000008000e4c        0x0 linker stubs

.iplt           0x0000000008000e4c        0x0
 .iplt          0x0000000008000e4c        0x0 c:/st/stm32cubeide_1.3.0/stm32cubeide/plugins/com.st.stm32cube.ide.mcu.externaltools.gnu-tools-for-stm32.7-2018-q2-update.win32_1.0.0.201904181610/tools/bin/../lib/gcc/arm-none-eabi/7.3.1/thumb/v7-m/crtbegin.o

.rodata         0x0000000008000e4c       0xd8
                0x0000000008000e4c                . = ALIGN (0x4)
 *(.rodata)
 .rodata        0x0000000008000e4c       0x80 Core/Src/main.o
 *(.rodata*)
 .rodata.Device_Descriptor
                0x0000000008000ecc       0x12 Core/Src/USB-VCP.o
                0x0000000008000ecc                Device_Descriptor
 *fill*         0x0000000008000ede        0x2 
 .rodata.Configuration_Descriptor
                0x0000000008000ee0       0x43 Core/Src/USB-VCP.o
                0x0000000008000ee0                Configuration_Descriptor
                0x0000000008000f24                . = ALIGN (0x4)
 *fill*         0x0000000008000f23        0x1 

.rel.dyn        0x0000000008000f24        0x0
 .rel.iplt      0x0000000008000f24        0x0 c:/st/stm32cubeide_1.3.0/stm32cubeide/plugins/com.st.stm32cube.ide.mcu.externaltools.gnu-tools-for-stm32.7-2018-q2-update.win32_1.0.0.201904181610/tools/bin/../lib/gcc/arm-none-eabi/7.3.1/thumb/v7-m/crtbegin.o

.ARM.extab      0x0000000008000f24        0x0
                0x0000000008000f24                . = ALIGN (0x4)
 *(.ARM.extab* .gnu.linkonce.armextab.*)
                0x0000000008000f24                . = ALIGN (0x4)

.ARM            0x0000000008000f24        0x0
                0x0000000008000f24                . = ALIGN (0x4)
                0x0000000008000f24                __exidx_start = .
 *(.ARM.exidx*)
                0x0000000008000f24                __exidx_end = .
                0x0000000008000f24                . = ALIGN (0x4)

.preinit_array  0x0000000008000f24        0x0
                0x0000000008000f24                . = ALIGN (0x4)
                0x0000000008000f24                PROVIDE (__preinit_array_start = .)
 *(.preinit_array*)
                0x0000000008000f24                PROVIDE (__preinit_array_end = .)
                0x0000000008000f24                . = ALIGN (0x4)

.init_array     0x0000000008000f24        0x4
                0x0000000008000f24                . = ALIGN (0x4)
                0x0000000008000f24                PROVIDE (__init_array_start = .)
 *(SORT_BY_NAME(.init_array.*))
 *(.init_array*)
 .init_array    0x0000000008000f24        0x4 c:/st/stm32cubeide_1.3.0/stm32cubeide/plugins/com.st.stm32cube.ide.mcu.externaltools.gnu-tools-for-stm32.7-2018-q2-update.win32_1.0.0.201904181610/tools/bin/../lib/gcc/arm-none-eabi/7.3.1/thumb/v7-m/crtbegin.o
                0x0000000008000f28                PROVIDE (__init_array_end = .)
                0x0000000008000f28                . = ALIGN (0x4)

.fini_array     0x0000000008000f28        0x4
                0x0000000008000f28                . = ALIGN (0x4)
                [!provide]                        PROVIDE (__fini_array_start = .)
 *(SORT_BY_NAME(.fini_array.*))
 *(.fini_array*)
 .fini_array    0x0000000008000f28        0x4 c:/st/stm32cubeide_1.3.0/stm32cubeide/plugins/com.st.stm32cube.ide.mcu.externaltools.gnu-tools-for-stm32.7-2018-q2-update.win32_1.0.0.201904181610/tools/bin/../lib/gcc/arm-none-eabi/7.3.1/thumb/v7-m/crtbegin.o
                [!provide]                        PROVIDE (__fini_array_end = .)
                0x0000000008000f2c                . = ALIGN (0x4)
                0x0000000008000f2c                _sidata = LOADADDR (.data)

.data           0x0000000020000000        0x4 load address 0x0000000008000f2c
                0x0000000020000000                . = ALIGN (0x4)
                0x0000000020000000                _sdata = .
 *(.data)
 *(.data*)
 .data.uwTickFreq
                0x0000000020000000        0x1 Drivers/STM32F1xx_HAL_Driver/Src/stm32f1xx_hal.o
                0x0000000020000000                uwTickFreq
                0x0000000020000004                . = ALIGN (0x4)
 *fill*         0x0000000020000001        0x3 
                0x0000000020000004                _edata = .

.igot.plt       0x0000000020000004        0x0 load address 0x0000000008000f30
 .igot.plt      0x0000000020000004        0x0 c:/st/stm32cubeide_1.3.0/stm32cubeide/plugins/com.st.stm32cube.ide.mcu.externaltools.gnu-tools-for-stm32.7-2018-q2-update.win32_1.0.0.201904181610/tools/bin/../lib/gcc/arm-none-eabi/7.3.1/thumb/v7-m/crtbegin.o
                0x0000000020000004                . = ALIGN (0x4)

.bss            0x0000000020000004       0x44 load address 0x0000000008000f30
                0x0000000020000004                _sbss = .
                0x0000000020000004                __bss_start__ = _sbss
 *(.bss)
 .bss           0x0000000020000004       0x1c c:/st/stm32cubeide_1.3.0/stm32cubeide/plugins/com.st.stm32cube.ide.mcu.externaltools.gnu-tools-for-stm32.7-2018-q2-update.win32_1.0.0.201904181610/tools/bin/../lib/gcc/arm-none-eabi/7.3.1/thumb/v7-m/crtbegin.o
 *(.bss*)
 .bss.USB_RECEIVED_EP0
                0x0000000020000020        0x1 Core/Src/USB-VCP.o
                0x0000000020000020                USB_RECEIVED_EP0
 .bss.USB_TRANSMITTED_EP0
                0x0000000020000021        0x1 Core/Src/USB-VCP.o
                0x0000000020000021                USB_TRANSMITTED_EP0
 .bss.USB_RECEIVED_EP1
                0x0000000020000022        0x1 Core/Src/USB-VCP.o
                0x0000000020000022                USB_RECEIVED_EP1
 .bss.USB_TRANSMITTED_EP1
                0x0000000020000023        0x1 Core/Src/USB-VCP.o
                0x0000000020000023                USB_TRANSMITTED_EP1
 .bss.USB_RECEIVED_EP2
                0x0000000020000024        0x1 Core/Src/USB-VCP.o
                0x0000000020000024                USB_RECEIVED_EP2
 .bss.USB_TRANSMITTED_EP2
                0x0000000020000025        0x1 Core/Src/USB-VCP.o
                0x0000000020000025                USB_TRANSMITTED_EP2
 *fill*         0x0000000020000026        0x2 
 .bss.N_JUMBO_SUBPACKETS
                0x0000000020000028        0x4 Core/Src/USB-VCP.o
                0x0000000020000028                N_JUMBO_SUBPACKETS
 .bss.N_JUMBO_SUBPACKETS_TXED
                0x000000002000002c        0x4 Core/Src/USB-VCP.o
                0x000000002000002c                N_JUMBO_SUBPACKETS_TXED
 .bss.JUMBO_BUFF_ADDR
                0x0000000020000030        0x4 Core/Src/USB-VCP.o
                0x0000000020000030                JUMBO_BUFF_ADDR
 .bss.JUMBO_LAST_SUBPACKET_SIZE
                0x0000000020000034        0x4 Core/Src/USB-VCP.o
                0x0000000020000034                JUMBO_LAST_SUBPACKET_SIZE
 .bss.Line_Coding
                0x0000000020000038        0x7 Core/Src/USB-VCP.o
                0x0000000020000038                Line_Coding
 *fill*         0x000000002000003f        0x1 
 .bss.Control_Line_State
                0x0000000020000040        0x4 Core/Src/USB-VCP.o
                0x0000000020000040                Control_Line_State
 *(COMMON)
 COMMON         0x0000000020000044        0x4 Drivers/STM32F1xx_HAL_Driver/Src/stm32f1xx_hal.o
                0x0000000020000044                uwTick
                0x0000000020000048                . = ALIGN (0x4)
                0x0000000020000048                _ebss = .
                0x0000000020000048                __bss_end__ = _ebss

._user_heap_stack
                0x0000000020000048      0x600 load address 0x0000000008000f30
                0x0000000020000048                . = ALIGN (0x8)
                0x0000000020000048                PROVIDE (end = .)
                [!provide]                        PROVIDE (_end = .)
                0x0000000020000248                . = (. + _Min_Heap_Size)
 *fill*         0x0000000020000048      0x200 
                0x0000000020000648                . = (. + _Min_Stack_Size)
 *fill*         0x0000000020000248      0x400 
                0x0000000020000648                . = ALIGN (0x8)

/DISCARD/
 libc.a(*)
 libm.a(*)
 libgcc.a(*)

.ARM.attributes
                0x0000000000000000       0x29
 *(.ARM.attributes)
 .ARM.attributes
                0x0000000000000000       0x1d c:/st/stm32cubeide_1.3.0/stm32cubeide/plugins/com.st.stm32cube.ide.mcu.externaltools.gnu-tools-for-stm32.7-2018-q2-update.win32_1.0.0.201904181610/tools/bin/../lib/gcc/arm-none-eabi/7.3.1/thumb/v7-m/crti.o
 .ARM.attributes
                0x000000000000001d       0x2d c:/st/stm32cubeide_1.3.0/stm32cubeide/plugins/com.st.stm32cube.ide.mcu.externaltools.gnu-tools-for-stm32.7-2018-q2-update.win32_1.0.0.201904181610/tools/bin/../lib/gcc/arm-none-eabi/7.3.1/thumb/v7-m/crtbegin.o
 .ARM.attributes
                0x000000000000004a       0x33 Core/Src/USB-VCP.o
 .ARM.attributes
                0x000000000000007d       0x33 Core/Src/main.o
 .ARM.attributes
                0x00000000000000b0       0x33 Core/Src/stm32f1xx_it.o
 .ARM.attributes
                0x00000000000000e3       0x33 Core/Src/system_stm32f1xx.o
 .ARM.attributes
                0x0000000000000116       0x21 Core/Startup/startup_stm32f103c8tx.o
 .ARM.attributes
                0x0000000000000137       0x33 Drivers/STM32F1xx_HAL_Driver/Src/stm32f1xx_hal.o
 .ARM.attributes
                0x000000000000016a       0x2d c:/st/stm32cubeide_1.3.0/stm32cubeide/plugins/com.st.stm32cube.ide.mcu.externaltools.gnu-tools-for-stm32.7-2018-q2-update.win32_1.0.0.201904181610/tools/bin/../lib/gcc/arm-none-eabi/7.3.1/../../../../arm-none-eabi/lib/thumb/v7-m\libc_nano.a(lib_a-init.o)
 .ARM.attributes
                0x0000000000000197       0x2d c:/st/stm32cubeide_1.3.0/stm32cubeide/plugins/com.st.stm32cube.ide.mcu.externaltools.gnu-tools-for-stm32.7-2018-q2-update.win32_1.0.0.201904181610/tools/bin/../lib/gcc/arm-none-eabi/7.3.1/../../../../arm-none-eabi/lib/thumb/v7-m\libc_nano.a(lib_a-memset.o)
 .ARM.attributes
                0x00000000000001c4       0x1d c:/st/stm32cubeide_1.3.0/stm32cubeide/plugins/com.st.stm32cube.ide.mcu.externaltools.gnu-tools-for-stm32.7-2018-q2-update.win32_1.0.0.201904181610/tools/bin/../lib/gcc/arm-none-eabi/7.3.1/thumb/v7-m/crtn.o
OUTPUT(USB-VCP_LL_C8.elf elf32-littlearm)

.debug_info     0x0000000000000000     0x15c6
 .debug_info    0x0000000000000000      0x558 Core/Src/USB-VCP.o
 .debug_info    0x0000000000000558      0x494 Core/Src/main.o
 .debug_info    0x00000000000009ec      0x20a Core/Src/stm32f1xx_it.o
 .debug_info    0x0000000000000bf6      0x29a Core/Src/system_stm32f1xx.o
 .debug_info    0x0000000000000e90       0x22 Core/Startup/startup_stm32f103c8tx.o
 .debug_info    0x0000000000000eb2      0x714 Drivers/STM32F1xx_HAL_Driver/Src/stm32f1xx_hal.o

.debug_abbrev   0x0000000000000000      0x6c2
 .debug_abbrev  0x0000000000000000      0x192 Core/Src/USB-VCP.o
 .debug_abbrev  0x0000000000000192      0x15d Core/Src/main.o
 .debug_abbrev  0x00000000000002ef       0xc6 Core/Src/stm32f1xx_it.o
 .debug_abbrev  0x00000000000003b5      0x134 Core/Src/system_stm32f1xx.o
 .debug_abbrev  0x00000000000004e9       0x12 Core/Startup/startup_stm32f103c8tx.o
 .debug_abbrev  0x00000000000004fb      0x1c7 Drivers/STM32F1xx_HAL_Driver/Src/stm32f1xx_hal.o

.debug_aranges  0x0000000000000000      0x298
 .debug_aranges
                0x0000000000000000       0xe0 Core/Src/USB-VCP.o
 .debug_aranges
                0x00000000000000e0       0x28 Core/Src/main.o
 .debug_aranges
                0x0000000000000108       0x60 Core/Src/stm32f1xx_it.o
 .debug_aranges
                0x0000000000000168       0x28 Core/Src/system_stm32f1xx.o
 .debug_aranges
                0x0000000000000190       0x28 Core/Startup/startup_stm32f103c8tx.o
 .debug_aranges
                0x00000000000001b8       0xe0 Drivers/STM32F1xx_HAL_Driver/Src/stm32f1xx_hal.o

.debug_ranges   0x0000000000000000      0x240
 .debug_ranges  0x0000000000000000       0xd0 Core/Src/USB-VCP.o
 .debug_ranges  0x00000000000000d0       0x18 Core/Src/main.o
 .debug_ranges  0x00000000000000e8       0x50 Core/Src/stm32f1xx_it.o
 .debug_ranges  0x0000000000000138       0x18 Core/Src/system_stm32f1xx.o
 .debug_ranges  0x0000000000000150       0x20 Core/Startup/startup_stm32f103c8tx.o
 .debug_ranges  0x0000000000000170       0xd0 Drivers/STM32F1xx_HAL_Driver/Src/stm32f1xx_hal.o

.debug_macro    0x0000000000000000    0x15470
 .debug_macro   0x0000000000000000       0x6c Core/Src/USB-VCP.o
 .debug_macro   0x000000000000006c      0xa5a Core/Src/USB-VCP.o
 .debug_macro   0x0000000000000ac6       0x22 Core/Src/USB-VCP.o
 .debug_macro   0x0000000000000ae8       0x8e Core/Src/USB-VCP.o
 .debug_macro   0x0000000000000b76       0x51 Core/Src/USB-VCP.o
 .debug_macro   0x0000000000000bc7       0xef Core/Src/USB-VCP.o
 .debug_macro   0x0000000000000cb6       0x6a Core/Src/USB-VCP.o
 .debug_macro   0x0000000000000d20      0x1df Core/Src/USB-VCP.o
 .debug_macro   0x0000000000000eff      0x19e Core/Src/USB-VCP.o
 .debug_macro   0x000000000000109d      0x1a9 Core/Src/main.o
 .debug_macro   0x0000000000001246      0x209 Core/Src/main.o
 .debug_macro   0x000000000000144f       0x2e Core/Src/main.o
 .debug_macro   0x000000000000147d       0x22 Core/Src/main.o
 .debug_macro   0x000000000000149f       0x1c Core/Src/main.o
 .debug_macro   0x00000000000014bb       0x22 Core/Src/main.o
 .debug_macro   0x00000000000014dd       0xc3 Core/Src/main.o
 .debug_macro   0x00000000000015a0      0xd23 Core/Src/main.o
 .debug_macro   0x00000000000022c3     0xe097 Core/Src/main.o
 .debug_macro   0x000000000001035a       0x43 Core/Src/main.o
 .debug_macro   0x000000000001039d     0x3468 Core/Src/main.o
 .debug_macro   0x0000000000013805      0x174 Core/Src/main.o
 .debug_macro   0x0000000000013979       0x5c Core/Src/main.o
 .debug_macro   0x00000000000139d5      0x5be Core/Src/main.o
 .debug_macro   0x0000000000013f93      0x289 Core/Src/main.o
 .debug_macro   0x000000000001421c      0x1cb Core/Src/main.o
 .debug_macro   0x00000000000143e7      0x114 Core/Src/main.o
 .debug_macro   0x00000000000144fb      0x1b2 Core/Src/main.o
 .debug_macro   0x00000000000146ad       0x27 Core/Src/main.o
 .debug_macro   0x00000000000146d4      0x136 Core/Src/main.o
 .debug_macro   0x000000000001480a      0x1bc Core/Src/main.o
 .debug_macro   0x00000000000149c6       0x34 Core/Src/main.o
 .debug_macro   0x00000000000149fa       0x3c Core/Src/main.o
 .debug_macro   0x0000000000014a36       0x57 Core/Src/main.o
 .debug_macro   0x0000000000014a8d       0x88 Core/Src/main.o
 .debug_macro   0x0000000000014b15      0x241 Core/Src/main.o
 .debug_macro   0x0000000000014d56      0x141 Core/Src/main.o
 .debug_macro   0x0000000000014e97       0x83 Core/Src/main.o
 .debug_macro   0x0000000000014f1a       0x4c Core/Src/main.o
 .debug_macro   0x0000000000014f66       0x46 Core/Src/main.o
 .debug_macro   0x0000000000014fac      0x198 Core/Src/stm32f1xx_it.o
 .debug_macro   0x0000000000015144      0x184 Core/Src/system_stm32f1xx.o
 .debug_macro   0x00000000000152c8      0x1a8 Drivers/STM32F1xx_HAL_Driver/Src/stm32f1xx_hal.o

.debug_line     0x0000000000000000     0x22fc
 .debug_line    0x0000000000000000      0x68d Core/Src/USB-VCP.o
 .debug_line    0x000000000000068d      0x6ba Core/Src/main.o
 .debug_line    0x0000000000000d47      0x6d2 Core/Src/stm32f1xx_it.o
 .debug_line    0x0000000000001419      0x656 Core/Src/system_stm32f1xx.o
 .debug_line    0x0000000000001a6f       0x84 Core/Startup/startup_stm32f103c8tx.o
 .debug_line    0x0000000000001af3      0x809 Drivers/STM32F1xx_HAL_Driver/Src/stm32f1xx_hal.o

.debug_str      0x0000000000000000    0x7c34a
 .debug_str     0x0000000000000000     0x4bd9 Core/Src/USB-VCP.o
                                       0x4d92 (size before relaxing)
 .debug_str     0x0000000000004bd9    0x7704c Core/Src/main.o
                                      0x7be18 (size before relaxing)
 .debug_str     0x000000000007bc25       0xbd Core/Src/stm32f1xx_it.o
                                      0x7a7d0 (size before relaxing)
 .debug_str     0x000000000007bce2       0x91 Core/Src/system_stm32f1xx.o
                                      0x7a7a0 (size before relaxing)
 .debug_str     0x000000000007bd73       0x36 Core/Startup/startup_stm32f103c8tx.o
                                         0x80 (size before relaxing)
 .debug_str     0x000000000007bda9      0x5a1 Drivers/STM32F1xx_HAL_Driver/Src/stm32f1xx_hal.o
                                      0x7ae31 (size before relaxing)

.comment        0x0000000000000000       0x7b
 .comment       0x0000000000000000       0x7b Core/Src/USB-VCP.o
                                         0x7c (size before relaxing)
 .comment       0x000000000000007b       0x7c Core/Src/main.o
 .comment       0x000000000000007b       0x7c Core/Src/stm32f1xx_it.o
 .comment       0x000000000000007b       0x7c Core/Src/system_stm32f1xx.o
 .comment       0x000000000000007b       0x7c Drivers/STM32F1xx_HAL_Driver/Src/stm32f1xx_hal.o

.debug_frame    0x0000000000000000      0x878
 .debug_frame   0x0000000000000000      0x340 Core/Src/USB-VCP.o
 .debug_frame   0x0000000000000340       0x54 Core/Src/main.o
 .debug_frame   0x0000000000000394      0x10c Core/Src/stm32f1xx_it.o
 .debug_frame   0x00000000000004a0       0x58 Core/Src/system_stm32f1xx.o
 .debug_frame   0x00000000000004f8      0x334 Drivers/STM32F1xx_HAL_Driver/Src/stm32f1xx_hal.o
 .debug_frame   0x000000000000082c       0x2c c:/st/stm32cubeide_1.3.0/stm32cubeide/plugins/com.st.stm32cube.ide.mcu.externaltools.gnu-tools-for-stm32.7-2018-q2-update.win32_1.0.0.201904181610/tools/bin/../lib/gcc/arm-none-eabi/7.3.1/../../../../arm-none-eabi/lib/thumb/v7-m\libc_nano.a(lib_a-init.o)
 .debug_frame   0x0000000000000858       0x20 c:/st/stm32cubeide_1.3.0/stm32cubeide/plugins/com.st.stm32cube.ide.mcu.externaltools.gnu-tools-for-stm32.7-2018-q2-update.win32_1.0.0.201904181610/tools/bin/../lib/gcc/arm-none-eabi/7.3.1/../../../../arm-none-eabi/lib/thumb/v7-m\libc_nano.a(lib_a-memset.o)
