USB-VCP.c:137:6:EN_RX_EP0	4	static
USB-VCP.c:140:6:DIS_RX_EP0	4	static
USB-VCP.c:143:6:STALL_RX_EP0	4	static
USB-VCP.c:146:6:EN_TX_EP0	4	static
USB-VCP.c:149:6:DIS_TX_EP0	4	static
USB-VCP.c:152:6:STALL_TX_EP0	4	static
USB-VCP.c:155:6:OFF_TX_EP0	4	static
USB-VCP.c:158:6:OFF_RX_EP0	4	static
USB-VCP.c:161:6:SET_DATA0_EP0	4	static
USB-VCP.c:164:6:SET_DATA1_EP0	4	static
USB-VCP.c:167:6:Send_EP0	32	static
USB-VCP.c:180:6:Send_EP1	32	static
USB-VCP.c:193:6:EN_RX_EP1	4	static
USB-VCP.c:196:6:DIS_RX_EP1	4	static
USB-VCP.c:199:6:EN_TX_EP1	4	static
USB-VCP.c:202:6:DIS_TX_EP1	4	static
USB-VCP.c:205:6:EN_RX_EP2	4	static
USB-VCP.c:208:6:DIS_RX_EP2	4	static
USB-VCP.c:211:6:EN_TX_EP2	4	static
USB-VCP.c:214:6:DIS_TX_EP2	4	static
USB-VCP.c:217:6:USB_MANAGEMENT	16	static
USB-VCP.c:311:6:Send_EP1_Jumbo	24	static
USB-VCP.c:325:6:Manage_EP1_Jumbo	8	static
USB-VCP.c:332:6:Read_EP1	32	static
USB-VCP.c:349:6:USB_LP_CAN1_RX0_IRQHandler	8	static
