USB-VCP.c:130:6:EN_RX_EP0	4	static
USB-VCP.c:134:6:DIS_RX_EP0	4	static
USB-VCP.c:138:6:STALL_RX_EP0	4	static
USB-VCP.c:142:6:OFF_RX_EP0	4	static
USB-VCP.c:146:6:EN_TX_EP0	4	static
USB-VCP.c:150:6:DIS_TX_EP0	4	static
USB-VCP.c:154:6:STALL_TX_EP0	4	static
USB-VCP.c:158:6:OFF_TX_EP0	4	static
USB-VCP.c:162:6:SET_DATA0_EP0	4	static
USB-VCP.c:166:6:SET_DATA1_EP0	4	static
USB-VCP.c:170:6:Send_EP0	32	static
USB-VCP.c:187:6:EN_RX_EP1	4	static
USB-VCP.c:191:6:DIS_RX_EP1	4	static
USB-VCP.c:195:6:EN_TX_EP1	4	static
USB-VCP.c:199:6:DIS_TX_EP1	4	static
USB-VCP.c:203:6:Send_EP1	32	static
USB-VCP.c:217:6:Send_EP1_Jumbo	24	static
USB-VCP.c:234:6:Read_EP1	32	static
USB-VCP.c:254:6:EN_RX_EP2	4	static
USB-VCP.c:258:6:DIS_RX_EP2	4	static
USB-VCP.c:262:6:EN_TX_EP2	4	static
USB-VCP.c:266:6:DIS_TX_EP2	4	static
USB-VCP.c:273:6:USB_MANAGEMENT	16	static
USB-VCP.c:360:6:Manage_EP1_Jumbo	8	static
USB-VCP.c:370:6:USB_LP_CAN1_RX0_IRQHandler	8	static
